// Jest Snapshot v1, https://goo.gl/fbAQLP

exports[`email rendering tests rendering validate-email 1`] = `
{
  "content": "<p>Hello!</p>
<p>You're receiving this email because you signed up for Memetaverse email notifications.</p>
<p>You'll be able to customize exactly what kind of notifications you'd like to receive (e.g., Marketplace, DAO, Events,
    etc.), but you must first confirm your email.</p>

<p style="height: 41px; padding-top: 8px; padding-bottom: 8px;"><a
        href="https://memetaverse.club/account/confirm-email/0oekmfzAAJccU2d1el57WQWqJrb3FSuG" target="_blank"
        rel="noopener"
        style="
            background-color: #ff2d55;
            width: 365px;
            height: 41px;
            border-radius: 6px;
            color: #fff;
            padding: 12px 44px 12px 44px;
            text-decoration: none;
            font-family: system-ui, BlinkMacSystemFont, 'Segoe UI',
              Roboto, 'Helvetica Neue', Arial, sans-serif;
          ">Click Here to Confirm Your Email</a>
</p>

<p>Or you can copy and paste this URL into the browser: <a href="https://memetaverse.club/account/confirm-email/0oekmfzAAJccU2d1el57WQWqJrb3FSuG" style="font-size: 13px;">https://memetaverse.club/account/confirm-email/0oekmfzAAJccU2d1el57WQWqJrb3FSuG</a>
</p>
",
  "subject": "Confirm your email",
  "to": "email@example.com",
}
`;
